[26/05/2025 00:50:16] === Log started ===
[26/05/2025 00:50:16] [INFO] class com.badlogic.gdx.utils.Logger: Map loaded: com.badlogic.gdx.maps.tiled.TiledMap@62e136d3
[26/05/2025 00:50:16] [INFO] class com.badlogic.gdx.utils.Logger: Chess piece created: Rook at tilePosition: (17.0,6.0)
[26/05/2025 00:50:16] [INFO] class com.badlogic.gdx.utils.Logger: Chess piece created: King at tilePosition: (15.0,6.0)
[26/05/2025 00:50:16] [INFO] class com.badlogic.gdx.utils.Logger: Chess piece created: Queen at tilePosition: (13.0,6.0)
[26/05/2025 00:50:16] [INFO] class com.badlogic.gdx.utils.Logger: Chess piece created: Pawn at tilePosition: (6.0,6.0)
[26/05/2025 00:50:16] [INFO] class com.badlogic.gdx.utils.Logger: Chess piece created: Knight at tilePosition: (4.0,6.0)
[26/05/2025 00:50:16] [INFO] class com.badlogic.gdx.utils.Logger: Chess piece created: Pawn at tilePosition: (2.0,6.0)
[26/05/2025 00:50:16] [INFO] class com.badlogic.gdx.utils.Logger: Resized MainScreen to: 1200x720
[26/05/2025 00:50:16] [INFO] class com.badlogic.gdx.utils.Logger: Game started - Loaded LoginScreen
[26/05/2025 00:50:16] [INFO] class com.badlogic.gdx.utils.Logger: Resized MainScreen to: 1200x720
[26/05/2025 00:50:17] [INFO] class com.badlogic.gdx.utils.Logger: Map loaded: com.badlogic.gdx.maps.tiled.TiledMap@2b6856dd
[26/05/2025 00:50:18] [INFO] class com.badlogic.gdx.utils.Logger: GameScreen initialized with window size: 1200x720
[26/05/2025 00:50:18] [INFO] class com.badlogic.gdx.utils.Logger: GameScreen show() called
[26/05/2025 00:50:18] [INFO] class com.badlogic.gdx.utils.Logger: Map loaded successfully: Map_Assets/Map_Level_9.tmx
[26/05/2025 00:50:18] [INFO] class com.badlogic.gdx.utils.Logger: MapController initialized with map: Map_Assets/Map_Level_9.tmx
[26/05/2025 00:50:18] [INFO] class com.badlogic.gdx.utils.Logger: Block polygon loaded: 20
[26/05/2025 00:50:18] [INFO] class com.badlogic.gdx.utils.Logger: Chess piece created: Rook at tilePosition: (9.0,8.0)
[26/05/2025 00:50:18] [INFO] class com.badlogic.gdx.utils.Logger: Chess piece created: King at tilePosition: (10.0,2.0)
[26/05/2025 00:50:18] [INFO] class com.badlogic.gdx.utils.Logger: Chess piece created: Bishop at tilePosition: (14.0,4.0)
[26/05/2025 00:50:18] [INFO] class com.badlogic.gdx.utils.Logger: Chess piece created: TargetChess at tilePosition: (10.0,6.0)
[26/05/2025 00:50:18] [INFO] class com.badlogic.gdx.utils.Logger: Resized MainScreen to: 1200x720
[26/05/2025 00:50:19] [INFO] class com.badlogic.gdx.utils.Logger: Selected chess: Bishop at position: (14.0,4.0)
[26/05/2025 00:50:19] [INFO] class com.badlogic.gdx.utils.Logger: Selected chess tile bounds: [14.0,4.0,1.0,1.0]
[26/05/2025 00:50:19] [INFO] class com.badlogic.gdx.utils.Logger: Position within bounds: 15, 5
[26/05/2025 00:50:19] [INFO] class com.badlogic.gdx.utils.Logger: Position within bounds: 16, 6
[26/05/2025 00:50:19] [INFO] class com.badlogic.gdx.utils.Logger: Position within bounds: 17, 7
[26/05/2025 00:50:19] [INFO] class com.badlogic.gdx.utils.Logger: Position within bounds: 13, 3
[26/05/2025 00:50:19] [INFO] class com.badlogic.gdx.utils.Logger: Position within bounds: 12, 2
[26/05/2025 00:50:19] [INFO] class com.badlogic.gdx.utils.Logger: Position within bounds: 11, 1
[26/05/2025 00:50:19] [INFO] class com.badlogic.gdx.utils.Logger: Position within bounds: 15, 3
[26/05/2025 00:50:19] [INFO] class com.badlogic.gdx.utils.Logger: Position within bounds: 16, 2
[26/05/2025 00:50:19] [INFO] class com.badlogic.gdx.utils.Logger: Position within bounds: 17, 1
[26/05/2025 00:50:19] [INFO] class com.badlogic.gdx.utils.Logger: Position within bounds: 13, 5
[26/05/2025 00:50:19] [INFO] class com.badlogic.gdx.utils.Logger: Position within bounds: 12, 6
[26/05/2025 00:50:19] [INFO] class com.badlogic.gdx.utils.Logger: Position within bounds: 11, 7
