[18/05/2025 21:45:05] === Log started ===
[18/05/2025 21:45:06] [INFO] class com.badlogic.gdx.utils.Logger: Map loaded: com.badlogic.gdx.maps.tiled.TiledMap@2145433b
[18/05/2025 21:45:06] [INFO] class com.badlogic.gdx.utils.Logger: Chess piece created: Rook at tilePosition: (17.0,6.0)
[18/05/2025 21:45:06] [INFO] class com.badlogic.gdx.utils.Logger: Chess piece created: King at tilePosition: (15.0,6.0)
[18/05/2025 21:45:06] [INFO] class com.badlogic.gdx.utils.Logger: Chess piece created: Queen at tilePosition: (13.0,6.0)
[18/05/2025 21:45:06] [INFO] class com.badlogic.gdx.utils.Logger: Chess piece created: Pawn at tilePosition: (6.0,6.0)
[18/05/2025 21:45:06] [INFO] class com.badlogic.gdx.utils.Logger: Chess piece created: Knight at tilePosition: (4.0,6.0)
[18/05/2025 21:45:06] [INFO] class com.badlogic.gdx.utils.Logger: Chess piece created: Pawn at tilePosition: (2.0,6.0)
[18/05/2025 21:45:06] [INFO] class com.badlogic.gdx.utils.Logger: Resized MainScreen to: 1200x720
[18/05/2025 21:45:06] [INFO] class com.badlogic.gdx.utils.Logger: Game started - Loaded LoginScreen
[18/05/2025 21:45:06] [INFO] class com.badlogic.gdx.utils.Logger: Resized MainScreen to: 1200x720
[18/05/2025 21:45:09] [INFO] class com.badlogic.gdx.utils.Logger: GameScreen initialized with window size: 1200x720
[18/05/2025 21:45:09] [INFO] class com.badlogic.gdx.utils.Logger: Map loaded successfully: Map_Assets/Map_Level_1.tmx
[18/05/2025 21:45:09] [INFO] class com.badlogic.gdx.utils.Logger: MapController initialized with map: Map_Assets/Map_Level_1.tmx
[18/05/2025 21:45:09] [INFO] class com.badlogic.gdx.utils.Logger: Block polygon loaded: 9
[18/05/2025 21:45:09] [INFO] class com.badlogic.gdx.utils.Logger: Chess piece created: King at tilePosition: (3.0,4.0)
[18/05/2025 21:45:09] [INFO] class com.badlogic.gdx.utils.Logger: Chess piece created: Knight at tilePosition: (7.0,7.0)
[18/05/2025 21:45:09] [INFO] class com.badlogic.gdx.utils.Logger: Chess piece created: TargetChess at tilePosition: (13.0,5.0)
[18/05/2025 21:45:09] [INFO] class com.badlogic.gdx.utils.Logger: Window resized to: 1200x720
[18/05/2025 21:45:09] [INFO] class com.badlogic.gdx.utils.Logger: Chess piece is grounded on platform: com.badlogic.gdx.math.Polygon@7a52f2a2
[18/05/2025 21:45:09] [INFO] class com.badlogic.gdx.utils.Logger: Chess piece is grounded on platform: com.badlogic.gdx.math.Polygon@78047b92
[18/05/2025 21:45:10] [INFO] class com.badlogic.gdx.utils.Logger: Selected chess: Knight at position: (7.0,5.0)
[18/05/2025 21:45:10] [INFO] class com.badlogic.gdx.utils.Logger: Selected chess tile bounds: [7.0,5.0,1.0,1.0]
[18/05/2025 21:45:12] [INFO] class com.badlogic.gdx.utils.Logger: Chess piece is grounded on platform: com.badlogic.gdx.math.Polygon@8909f18
[18/05/2025 21:45:12] [INFO] class com.badlogic.gdx.utils.Logger: Game disposed - Unloaded Game Screen
